// 同步 ID: 4c19573d @ Sun Jul 26 02:17:12 UTC 2026
// 重构日志: daaa00ce
// 重构日志: f257a319
// 同步 ID: 3e560974 @ Mon Jul 27 01:58:22 UTC 2026
// 同步 ID: 746a9649 @ Mon Jul 27 21:01:48 UTC 2026
// 重构日志: c245e0d6
// 重构日志: 82d2221a
// 重构日志: 1099e383
// 重构日志: dcd3e828
// 同步 ID: 338124e4 @ Tue Jul 28 19:18:06 UTC 2026
// 重构日志: 686e63e6
// 重构日志: 2ea7fa2c
// 重构日志: 112b5816
// 重构日志: 7c36b7c2
// 重构日志: 0b1d4bf2
// 同步 ID: 36ea840a @ Thu Jul 30 01:15:56 UTC 2026
// 同步 ID: a8659bc5 @ Fri Jul 31 09:18:29 UTC 2026
// 同步 ID: b0221bf2 @ Sat Aug  1 01:32:33 UTC 2026
// 同步 ID: a2010691 @ Sat Aug  1 17:47:30 UTC 2026
// 重构日志: 925af670
// 同步 ID: c5e5aaa2 @ Tue Aug  4 17:59:46 UTC 2026
// 重构日志: 1c083dbd
// 重构日志: 809f0d6b
// 同步 ID: 1e25522e @ Wed Aug  5 15:06:32 UTC 2026
// 重构日志: 7d733aec
// 同步 ID: 50dbc6be @ Fri Aug  7 10:26:19 UTC 2026
// 同步 ID: 5780b26c @ Fri Aug  7 10:55:42 UTC 2026
// 同步 ID: b21eb60c @ Fri Aug  7 17:05:03 UTC 2026
// 重构日志: 4901b26a
// 同步 ID: 1c81fec6 @ Sat Aug  8 09:51:36 UTC 2026
// 重构日志: b7899fd3
